// Jest Snapshot v1, https://goo.gl/fbAQLP

exports[`Video nothing rendered as no id from props given 1`] = `""`;

exports[`Video renders Video component with some id 1`] = `
<div
  className="video-container"
>
  <div
    className="video"
  >
    <iframe
      allow="accelerometer;  autoplay;  encrypted-media;  gyroscope;  picture-in-picture"
      allowfullscreen={true}
      className="video-player"
      frameborder="0"
      src="https://www.youtube.com/embed/56sd65ds?autoplay=1"
      title="video"
    />
  </div>
</div>
`;
